  Bank-project(OPP).cpp
C:\Users\User\source\repos\Bank-project(OPP)\Bank-project(OPP)\clsString.h(43,25): warning C4267: 'return': conversion from 'size_t' to 'short', possible loss of data
  (compiling source file 'Bank-project(OPP).cpp')
  
C:\Users\User\source\repos\Bank-project(OPP)\Bank-project(OPP)\clsString.h(48,29): warning C4267: 'return': conversion from 'size_t' to 'short', possible loss of data
  (compiling source file 'Bank-project(OPP).cpp')
  
C:\Users\User\source\repos\Bank-project(OPP)\Bank-project(OPP)\clsString.h(60,30): warning C4267: '=': conversion from 'size_t' to 'short', possible loss of data
  (compiling source file 'Bank-project(OPP).cpp')
  
C:\Users\User\source\repos\Bank-project(OPP)\Bank-project(OPP)\clsString.h(197,29): warning C4267: 'return': conversion from 'size_t' to 'short', possible loss of data
  (compiling source file 'Bank-project(OPP).cpp')
  
C:\Users\User\source\repos\Bank-project(OPP)\Bank-project(OPP)\clsString.h(328,30): warning C4267: '=': conversion from 'size_t' to 'short', possible loss of data
  (compiling source file 'Bank-project(OPP).cpp')
  
C:\Users\User\source\repos\Bank-project(OPP)\Bank-project(OPP)\clsString.h(376,22): warning C4267: 'initializing': conversion from 'size_t' to 'short', possible loss of data
  (compiling source file 'Bank-project(OPP).cpp')
  
C:\Users\User\source\repos\Bank-project(OPP)\Bank-project(OPP)\clsInputValidate.h(120,26): warning C4244: '=': conversion from 'double' to 'float', possible loss of data
  (compiling source file 'Bank-project(OPP).cpp')
  
C:\Users\User\source\repos\Bank-project(OPP)\Bank-project(OPP)\clsBankClient.h(28,65): warning C4244: 'argument': conversion from 'double' to 'float', possible loss of data
  (compiling source file 'Bank-project(OPP).cpp')
  
C:\Users\User\source\repos\Bank-project(OPP)\Bank-project(OPP)\clsBankClient.h(357,28): warning C4244: '+=': conversion from 'double' to 'float', possible loss of data
  (compiling source file 'Bank-project(OPP).cpp')
  
C:\Users\User\source\repos\Bank-project(OPP)\Bank-project(OPP)\clsBankClient.h(363,28): warning C4244: '-=': conversion from 'double' to 'float', possible loss of data
  (compiling source file 'Bank-project(OPP).cpp')
  
C:\Users\User\source\repos\Bank-project(OPP)\Bank-project(OPP)\clsUtil.h(62,5): warning C4102: 'defualt': unreferenced label
  (compiling source file 'Bank-project(OPP).cpp')
  
C:\Users\User\source\repos\Bank-project(OPP)\Bank-project(OPP)\clsTotalBalancesScreen.h(42,27): warning C4244: 'initializing': conversion from 'double' to 'int', possible loss of data
  (compiling source file 'Bank-project(OPP).cpp')
  
C:\Users\User\source\repos\Bank-project(OPP)\Bank-project(OPP)\clsBankClient.h(312,1): warning C4715: 'clsBankClient::Save': not all control paths return a value
C:\Users\User\source\repos\Bank-project(OPP)\Bank-project(OPP)\clsUser.h(309,1): warning C4715: 'clsUser::Save': not all control paths return a value
  Bank-project(OPP).vcxproj -> C:\Users\User\source\repos\Bank-project(OPP)\x64\Debug\Bank-project(OPP).exe
